components/Carousel.tsx(173,9): error TS2322: Type '{ type: string; stiffness: number; damping: number; } | { duration: number; }' is not assignable to type 'Transition<any> | undefined'.
  Type '{ type: string; stiffness: number; damping: number; }' is not assignable to type 'Transition<any> | undefined'.
    Type '{ type: string; stiffness: number; damping: number; }' is not assignable to type 'TransitionWithValueOverrides<any>'.
      Type '{ type: string; stiffness: number; damping: number; }' is not assignable to type 'ValueAnimationTransition<any>'.
        Types of property 'type' are incompatible.
          Type 'string' is not assignable to type 'AnimationGeneratorType | undefined'.
components/Carousel.tsx(190,15): error TS2322: Type '{ type: string; stiffness: number; damping: number; } | { duration: number; }' is not assignable to type 'Transition<any> | undefined'.
  Type '{ type: string; stiffness: number; damping: number; }' is not assignable to type 'Transition<any> | undefined'.
    Type '{ type: string; stiffness: number; damping: number; }' is not assignable to type 'TransitionWithValueOverrides<any>'.
      Type '{ type: string; stiffness: number; damping: number; }' is not assignable to type 'ValueAnimationTransition<any>'.
        Types of property 'type' are incompatible.
          Type 'string' is not assignable to type 'AnimationGeneratorType | undefined'.
